192.168.1.1 - - [10/Oct/2024:14:32:51 +0000] "GET /index.html HTTP/1.1" 200 1024
192.168.1.2 - - [10/Oct/2024:14:33:10 +0000] "GET /about.html HTTP/1.1" 404 512
192.168.1.3 - - [10/Oct/2024:15:01:22 +0000] "POST /login HTTP/1.1" 500 256
192.168.1.4 - - [10/Oct/2024:15:45:33 +0000] "GET /dashboard HTTP/1.1" 404 128
192.168.1.5 - - [10/Oct/2024:16:22:11 +0000] "GET /index.html HTTP/1.1" 200 1024
192.168.1.6 - - [10/Oct/2024:16:55:44 +0000] "POST /upload HTTP/1.1" 500 300
192.168.1.7 - - [10/Oct/2024:17:10:05 +0000] "GET /contact HTTP/1.1" 404 200
192.168.1.8 - - [10/Oct/2024:17:30:19 +0000] "GET /index.html HTTP/1.1" 200 1024
192.168.1.9 - - [10/Oct/2024:18:05:55 +0000] "GET /about.html HTTP/1.1" 404 512
192.168.1.10 - - [10/Oct/2024:18:44:23 +0000] "POST /login HTTP/1.1" 200 256